// Jest Snapshot v1, https://goo.gl/fbAQLP

exports[`Component: Stream should render tracks 1`] = `
<div
  className="tracks-board"
>
  <div
    className="container"
  >
    <div
      className="fake-div"
    />
    <div
      className="fake-div"
    />
    <div
      className="fake-div"
    />
    <div
      className="fake-div"
    />
    <div
      className="fake-div"
    />
    <div
      className="fake-div"
    />
    <div
      className="fake-div"
    />
    <div
      className="fake-div"
    />
    <div
      className="fake-div"
    />
    <div
      className="fake-div"
    />
    <div
      className="loading"
    />
  </div>
</div>
`;
